taewan96:~/workspace $ git config --global user.name 'Taewan Kim'
taewan96:~/workspace $ git config --global user.email 'ktw9695@gmail.com'
taewan96:~/workspace $ git init
Initialized empty Git repository in /home/ubuntu/workspace/.git/
taewan96:~/workspace (master) $ git status
On branch master

No commits yet

Untracked files:
  (use "git add <file>..." to include in what will be committed)

        00_start.py
        01_sequence.py
        02_container.py
        03_loop.py
        04_condition.py

nothing added to commit but untracked files present (use "git add" to track)
taewan96:~/workspace (master) $ git add .
taewan96:~/workspace (master) $ 
taewan96:~/workspace (master) $ git status
On branch master

No commits yet

Changes to be committed:
  (use "git rm --cached <file>..." to unstage)

        new file:   00_start.py
        new file:   01_sequence.py
        new file:   02_container.py
        new file:   03_loop.py
        new file:   04_condition.py

taewan96:~/workspace (master) $ 
taewan96:~/workspace (master) $ git commit -m "first commit"
[master (root-commit) afdf33f] first commit
 5 files changed, 97 insertions(+)
 create mode 100644 00_start.py
 create mode 100644 01_sequence.py
 create mode 100644 02_container.py
 create mode 100644 03_loop.py
 create mode 100644 04_condition.py
taewan96:~/workspace (master) $ 

taewan96:~/workspace (master) $ git remote add origin https://github.com/sgng3628/python-practice.git
taewan96:~/workspace (master) $ git push -u origin master
Username for 'https://github.com': sgng3628
Password for 'https://sgng3628@github.com': 
remote: Invalid username or password.
fatal: Authentication failed for 'https://github.com/sgng3628/python-practice.git/'
taewan96:~/workspace (master) $ sgng3628
bash: sgng3628: command not found
taewan96:~/workspace (master) $ git push -u origin master
Username for 'https://github.com': sgng3628
Password for 'https://sgng3628@github.com': 
Counting objects: 7, done.
Delta compression using up to 8 threads.
Compressing objects: 100% (7/7), done.
Writing objects: 100% (7/7), 1.21 KiB | 1.21 MiB/s, done.
Total 7 (delta 0), reused 0 (delta 0)
To https://github.com/sgng3628/python-practice.git
 * [new branch]      master -> master
Branch master set up to track remote branch master from origin.